Archive member included to satisfy reference by file (symbol)

/usr/lib/gcc/arm-none-eabi/6.3.1/thumb/v7-m/libgcc.a(_arm_addsubdf3.o)
                              CMakeFiles/mpu6050.elf.dir/User/mpu6050.c.obj (__aeabi_dadd)
/usr/lib/gcc/arm-none-eabi/6.3.1/thumb/v7-m/libgcc.a(_arm_muldivdf3.o)
                              CMakeFiles/mpu6050.elf.dir/User/mpu6050.c.obj (__aeabi_ddiv)
/usr/lib/gcc/arm-none-eabi/6.3.1/thumb/v7-m/libgcc.a(_arm_truncdfsf2.o)
                              CMakeFiles/mpu6050.elf.dir/User/mpu6050.c.obj (__aeabi_d2f)
/usr/lib/gcc/arm-none-eabi/6.3.1/thumb/v7-m/libgcc.a(_arm_fixsfsi.o)
                              CMakeFiles/mpu6050.elf.dir/User/mpu6050.c.obj (__aeabi_f2iz)
/usr/lib/gcc/arm-none-eabi/6.3.1/../../../arm-none-eabi/lib/thumb/v7-m/libg_nano.a(lib_a-atexit.o)
                              /usr/lib/gcc/arm-none-eabi/6.3.1/../../../arm-none-eabi/lib/thumb/v7-m/crt0.o (atexit)
/usr/lib/gcc/arm-none-eabi/6.3.1/../../../arm-none-eabi/lib/thumb/v7-m/libg_nano.a(lib_a-errno.o)
                              CMakeFiles/mpu6050.elf.dir/Src/syscalls.c.obj (__errno)
/usr/lib/gcc/arm-none-eabi/6.3.1/../../../arm-none-eabi/lib/thumb/v7-m/libg_nano.a(lib_a-exit.o)
                              /usr/lib/gcc/arm-none-eabi/6.3.1/../../../arm-none-eabi/lib/thumb/v7-m/crt0.o (exit)
/usr/lib/gcc/arm-none-eabi/6.3.1/../../../arm-none-eabi/lib/thumb/v7-m/libg_nano.a(lib_a-fini.o)
                              /usr/lib/gcc/arm-none-eabi/6.3.1/../../../arm-none-eabi/lib/thumb/v7-m/crt0.o (__libc_fini_array)
/usr/lib/gcc/arm-none-eabi/6.3.1/../../../arm-none-eabi/lib/thumb/v7-m/libg_nano.a(lib_a-impure.o)
                              /usr/lib/gcc/arm-none-eabi/6.3.1/../../../arm-none-eabi/lib/thumb/v7-m/libg_nano.a(lib_a-exit.o) (_global_impure_ptr)
/usr/lib/gcc/arm-none-eabi/6.3.1/../../../arm-none-eabi/lib/thumb/v7-m/libg_nano.a(lib_a-init.o)
                              /usr/lib/gcc/arm-none-eabi/6.3.1/../../../arm-none-eabi/lib/thumb/v7-m/crt0.o (__libc_init_array)
/usr/lib/gcc/arm-none-eabi/6.3.1/../../../arm-none-eabi/lib/thumb/v7-m/libg_nano.a(lib_a-memset.o)
                              /usr/lib/gcc/arm-none-eabi/6.3.1/../../../arm-none-eabi/lib/thumb/v7-m/crt0.o (memset)
/usr/lib/gcc/arm-none-eabi/6.3.1/../../../arm-none-eabi/lib/thumb/v7-m/libg_nano.a(lib_a-__atexit.o)
                              /usr/lib/gcc/arm-none-eabi/6.3.1/../../../arm-none-eabi/lib/thumb/v7-m/libg_nano.a(lib_a-atexit.o) (__register_exitproc)
/usr/lib/gcc/arm-none-eabi/6.3.1/../../../arm-none-eabi/lib/thumb/v7-m/libg_nano.a(lib_a-__call_atexit.o)
                              /usr/lib/gcc/arm-none-eabi/6.3.1/../../../arm-none-eabi/lib/thumb/v7-m/libg_nano.a(lib_a-__atexit.o) (__call_exitprocs)

Discarded input sections

 .text          0x0000000000000000        0x0 /usr/lib/gcc/arm-none-eabi/6.3.1/thumb/v7-m/crti.o
 .data          0x0000000000000000        0x0 /usr/lib/gcc/arm-none-eabi/6.3.1/thumb/v7-m/crti.o
 .bss           0x0000000000000000        0x0 /usr/lib/gcc/arm-none-eabi/6.3.1/thumb/v7-m/crti.o
 .data          0x0000000000000000        0x4 /usr/lib/gcc/arm-none-eabi/6.3.1/thumb/v7-m/crtbegin.o
 .text          0x0000000000000000       0x68 /usr/lib/gcc/arm-none-eabi/6.3.1/../../../arm-none-eabi/lib/thumb/v7-m/crt0.o
 .data          0x0000000000000000        0x0 /usr/lib/gcc/arm-none-eabi/6.3.1/../../../arm-none-eabi/lib/thumb/v7-m/crt0.o
 .bss           0x0000000000000000        0x0 /usr/lib/gcc/arm-none-eabi/6.3.1/../../../arm-none-eabi/lib/thumb/v7-m/crt0.o
 .ARM.extab     0x0000000000000000        0x0 /usr/lib/gcc/arm-none-eabi/6.3.1/../../../arm-none-eabi/lib/thumb/v7-m/crt0.o
 .ARM.exidx     0x0000000000000000        0x8 /usr/lib/gcc/arm-none-eabi/6.3.1/../../../arm-none-eabi/lib/thumb/v7-m/crt0.o
 .debug_line    0x0000000000000000       0x7e /usr/lib/gcc/arm-none-eabi/6.3.1/../../../arm-none-eabi/lib/thumb/v7-m/crt0.o
 .debug_info    0x0000000000000000       0xa3 /usr/lib/gcc/arm-none-eabi/6.3.1/../../../arm-none-eabi/lib/thumb/v7-m/crt0.o
 .debug_abbrev  0x0000000000000000       0x14 /usr/lib/gcc/arm-none-eabi/6.3.1/../../../arm-none-eabi/lib/thumb/v7-m/crt0.o
 .debug_aranges
                0x0000000000000000       0x20 /usr/lib/gcc/arm-none-eabi/6.3.1/../../../arm-none-eabi/lib/thumb/v7-m/crt0.o
 .ARM.attributes
                0x0000000000000000       0x1b /usr/lib/gcc/arm-none-eabi/6.3.1/../../../arm-none-eabi/lib/thumb/v7-m/crt0.o
 .text          0x0000000000000000       0x14 CMakeFiles/mpu6050.elf.dir/startup/startup_stm32f103xb.s.obj
 .data          0x0000000000000000        0x0 CMakeFiles/mpu6050.elf.dir/startup/startup_stm32f103xb.s.obj
 .bss           0x0000000000000000        0x0 CMakeFiles/mpu6050.elf.dir/startup/startup_stm32f103xb.s.obj
 .text          0x0000000000000000        0x0 CMakeFiles/mpu6050.elf.dir/Drivers/STM32F1xx_HAL_Driver/Src/stm32f1xx_hal.c.obj
[...]
Memory Configuration

Name             Origin             Length             Attributes
RAM              0x0000000020000000 0x0000000000005000 xrw
FLASH            0x0000000008000000 0x0000000000010000 xr
*default*        0x0000000000000000 0xffffffffffffffff

Linker script and memory map

LOAD /usr/lib/gcc/arm-none-eabi/6.3.1/thumb/v7-m/crti.o
LOAD /usr/lib/gcc/arm-none-eabi/6.3.1/thumb/v7-m/crtbegin.o
LOAD /usr/lib/gcc/arm-none-eabi/6.3.1/../../../arm-none-eabi/lib/thumb/v7-m/crt0.o
LOAD CMakeFiles/mpu6050.elf.dir/startup/startup_stm32f103xb.s.obj
LOAD CMakeFiles/mpu6050.elf.dir/Drivers/STM32F1xx_HAL_Driver/Src/stm32f1xx_hal.c.obj
LOAD CMakeFiles/mpu6050.elf.dir/Drivers/STM32F1xx_HAL_Driver/Src/stm32f1xx_hal_cortex.c.obj
LOAD CMakeFiles/mpu6050.elf.dir/Drivers/STM32F1xx_HAL_Driver/Src/stm32f1xx_hal_dma.c.obj
LOAD CMakeFiles/mpu6050.elf.dir/Drivers/STM32F1xx_HAL_Driver/Src/stm32f1xx_hal_exti.c.obj
LOAD CMakeFiles/mpu6050.elf.dir/Drivers/STM32F1xx_HAL_Driver/Src/stm32f1xx_hal_flash.c.obj
LOAD CMakeFiles/mpu6050.elf.dir/Drivers/STM32F1xx_HAL_Driver/Src/stm32f1xx_hal_flash_ex.c.obj
LOAD CMakeFiles/mpu6050.elf.dir/Drivers/STM32F1xx_HAL_Driver/Src/stm32f1xx_hal_gpio.c.obj
LOAD CMakeFiles/mpu6050.elf.dir/Drivers/STM32F1xx_HAL_Driver/Src/stm32f1xx_hal_gpio_ex.c.obj
LOAD CMakeFiles/mpu6050.elf.dir/Drivers/STM32F1xx_HAL_Driver/Src/stm32f1xx_hal_i2c.c.obj
LOAD CMakeFiles/mpu6050.elf.dir/Drivers/STM32F1xx_HAL_Driver/Src/stm32f1xx_hal_pwr.c.obj
LOAD CMakeFiles/mpu6050.elf.dir/Drivers/STM32F1xx_HAL_Driver/Src/stm32f1xx_hal_rcc.c.obj
LOAD CMakeFiles/mpu6050.elf.dir/Drivers/STM32F1xx_HAL_Driver/Src/stm32f1xx_hal_rcc_ex.c.obj
LOAD CMakeFiles/mpu6050.elf.dir/Drivers/STM32F1xx_HAL_Driver/Src/stm32f1xx_hal_spi.c.obj
LOAD CMakeFiles/mpu6050.elf.dir/Drivers/STM32F1xx_HAL_Driver/Src/stm32f1xx_hal_tim.c.obj
LOAD CMakeFiles/mpu6050.elf.dir/Drivers/STM32F1xx_HAL_Driver/Src/stm32f1xx_hal_tim_ex.c.obj
LOAD CMakeFiles/mpu6050.elf.dir/Drivers/STM32F1xx_HAL_Driver/Src/stm32f1xx_hal_uart.c.obj
LOAD CMakeFiles/mpu6050.elf.dir/Src/gpio.c.obj
LOAD CMakeFiles/mpu6050.elf.dir/Src/i2c.c.obj
LOAD CMakeFiles/mpu6050.elf.dir/Src/main.c.obj
LOAD CMakeFiles/mpu6050.elf.dir/Src/spi.c.obj
LOAD CMakeFiles/mpu6050.elf.dir/Src/stm32f1xx_hal_msp.c.obj
LOAD CMakeFiles/mpu6050.elf.dir/Src/stm32f1xx_it.c.obj
LOAD CMakeFiles/mpu6050.elf.dir/Src/sys.c.obj
LOAD CMakeFiles/mpu6050.elf.dir/Src/syscalls.c.obj
LOAD CMakeFiles/mpu6050.elf.dir/Src/system_stm32f1xx.c.obj
LOAD CMakeFiles/mpu6050.elf.dir/Src/usart.c.obj
LOAD CMakeFiles/mpu6050.elf.dir/User/mpu6050.c.obj
LOAD CMakeFiles/mpu6050.elf.dir/User/oled.c.obj
START GROUP
LOAD /usr/lib/gcc/arm-none-eabi/6.3.1/thumb/v7-m/libgcc.a
LOAD /usr/lib/gcc/arm-none-eabi/6.3.1/../../../arm-none-eabi/lib/thumb/v7-m/libg_nano.a
LOAD /usr/lib/gcc/arm-none-eabi/6.3.1/../../../arm-none-eabi/lib/thumb/v7-m/libc_nano.a
END GROUP
START GROUP
LOAD /usr/lib/gcc/arm-none-eabi/6.3.1/thumb/v7-m/libgcc.a
LOAD /usr/lib/gcc/arm-none-eabi/6.3.1/../../../arm-none-eabi/lib/thumb/v7-m/libc_nano.a
LOAD /usr/lib/gcc/arm-none-eabi/6.3.1/../../../arm-none-eabi/lib/thumb/v7-m/libnosys.a
END GROUP
START GROUP
LOAD /usr/lib/gcc/arm-none-eabi/6.3.1/thumb/v7-m/libgcc.a
LOAD /usr/lib/gcc/arm-none-eabi/6.3.1/../../../arm-none-eabi/lib/thumb/v7-m/libc_nano.a
LOAD /usr/lib/gcc/arm-none-eabi/6.3.1/../../../arm-none-eabi/lib/thumb/v7-m/libnosys.a
END GROUP
LOAD /usr/lib/gcc/arm-none-eabi/6.3.1/thumb/v7-m/crtend.o
LOAD /usr/lib/gcc/arm-none-eabi/6.3.1/thumb/v7-m/crtn.o
                0x0000000020005000                _estack = 0x20005000
                0x0000000000000200                _Min_Heap_Size = 0x200
                0x0000000000000400                _Min_Stack_Size = 0x400

.isr_vector     0x0000000008000000      0x10c
                0x0000000008000000                . = ALIGN (0x4)
 *(.isr_vector)
 .isr_vector    0x0000000008000000      0x10c CMakeFiles/mpu6050.elf.dir/startup/startup_stm32f103xb.s.obj
                0x0000000008000000                g_pfnVectors
                0x000000000800010c                . = ALIGN (0x4)

.text           0x0000000008000110     0x3bac
                0x0000000008000110                . = ALIGN (0x4)
 *(.text)
 .text          0x0000000008000110       0xa4 /usr/lib/gcc/arm-none-eabi/6.3.1/thumb/v7-m/crtbegin.o
 .text          0x00000000080001b4      0x370 /usr/lib/gcc/arm-none-eabi/6.3.1/thumb/v7-m/libgcc.a(_arm_addsubdf3.o)
                0x00000000080001b4                __aeabi_drsub
                0x00000000080001bc                __aeabi_dsub
                0x00000000080001bc                __subdf3
                0x00000000080001c0                __adddf3
                0x00000000080001c0                __aeabi_dadd
                0x0000000008000438                __aeabi_ui2d
                0x0000000008000438                __floatunsidf
                0x0000000008000458                __floatsidf
                0x0000000008000458                __aeabi_i2d
                0x000000000800047c                __extendsfdf2
                0x000000000800047c                __aeabi_f2d
                0x00000000080004b8                __aeabi_ul2d
                0x00000000080004b8                __floatundidf
                0x00000000080004c8                __floatdidf
                0x00000000080004c8                __aeabi_l2d
 .text          0x0000000008000524      0x424 /usr/lib/gcc/arm-none-eabi/6.3.1/thumb/v7-m/libgcc.a(_arm_muldivdf3.o)
                0x0000000008000524                __aeabi_dmul
                0x0000000008000524                __muldf3
                0x0000000008000778                __aeabi_ddiv
                0x0000000008000778                __divdf3
 .text          0x0000000008000948       0xa0 /usr/lib/gcc/arm-none-eabi/6.3.1/thumb/v7-m/libgcc.a(_arm_truncdfsf2.o)
                0x0000000008000948                __aeabi_d2f
                0x0000000008000948                __truncdfsf2
 .text          0x00000000080009e8       0x4c /usr/lib/gcc/arm-none-eabi/6.3.1/thumb/v7-m/libgcc.a(_arm_fixsfsi.o)
                0x00000000080009e8                __fixsfsi
                0x00000000080009e8                __aeabi_f2iz
 .text          0x0000000008000a34       0x50 /usr/lib/gcc/arm-none-eabi/6.3.1/../../../arm-none-eabi/lib/thumb/v7-m/libg_nano.a(lib_a-init.o)
                0x0000000008000a34                __libc_init_array
 .text          0x0000000008000a84       0x9c /usr/lib/gcc/arm-none-eabi/6.3.1/../../../arm-none-eabi/lib/thumb/v7-m/libg_nano.a(lib_a-memset.o)
                0x0000000008000a84                memset
 *(.text*)
 .text.Reset_Handler
                0x0000000008000b20       0x48 CMakeFiles/mpu6050.elf.dir/startup/startup_stm32f103xb.s.obj
                0x0000000008000b20                Reset_Handler
 .text.Default_Handler
                0x0000000008000b68        0x2 CMakeFiles/mpu6050.elf.dir/startup/startup_stm32f103xb.s.obj
                0x0000000008000b68                RTC_Alarm_IRQHandler
                0x0000000008000b68                EXTI2_IRQHandler
                0x0000000008000b68                TIM1_CC_IRQHandler
                0x0000000008000b68                PVD_IRQHandler
                0x0000000008000b68                EXTI3_IRQHandler
                0x0000000008000b68                EXTI0_IRQHandler
                0x0000000008000b68                I2C2_EV_IRQHandler
                0x0000000008000b68                ADC1_2_IRQHandler
                0x0000000008000b68                SPI1_IRQHandler
                0x0000000008000b68                TAMPER_IRQHandler
                0x0000000008000b68                DMA1_Channel4_IRQHandler
                0x0000000008000b68                USART3_IRQHandler
                0x0000000008000b68                RTC_IRQHandler
                0x0000000008000b68                DMA1_Channel7_IRQHandler
                0x0000000008000b68                CAN1_RX1_IRQHandler
                0x0000000008000b68                TIM4_IRQHandler
                0x0000000008000b68                I2C1_EV_IRQHandler
                0x0000000008000b68                DMA1_Channel6_IRQHandler
                0x0000000008000b68                TIM3_IRQHandler
                0x0000000008000b68                RCC_IRQHandler
                0x0000000008000b68                TIM1_TRG_COM_IRQHandler
                0x0000000008000b68                DMA1_Channel1_IRQHandler
                0x0000000008000b68                Default_Handler
                0x0000000008000b68                EXTI15_10_IRQHandler
                0x0000000008000b68                EXTI9_5_IRQHandler
                0x0000000008000b68                SPI2_IRQHandler
                0x0000000008000b68                DMA1_Channel5_IRQHandler
                0x0000000008000b68                EXTI4_IRQHandler
                0x0000000008000b68                USB_LP_CAN1_RX0_IRQHandler
                0x0000000008000b68                USB_HP_CAN1_TX_IRQHandler
                0x0000000008000b68                DMA1_Channel3_IRQHandler
                0x0000000008000b68                TIM1_UP_IRQHandler
                0x0000000008000b68                WWDG_IRQHandler
                0x0000000008000b68                TIM2_IRQHandler
                0x0000000008000b68                TIM1_BRK_IRQHandler
                0x0000000008000b68                EXTI1_IRQHandler
                0x0000000008000b68                USART2_IRQHandler
                0x0000000008000b68                I2C2_ER_IRQHandler
                0x0000000008000b68                DMA1_Channel2_IRQHandler
                0x0000000008000b68                CAN1_SCE_IRQHandler
                0x0000000008000b68                FLASH_IRQHandler
                0x0000000008000b68                USART1_IRQHandler
                0x0000000008000b68                I2C1_ER_IRQHandler
                0x0000000008000b68                USBWakeUp_IRQHandler
 *fill*         0x0000000008000b6a        0x2 
 .text.HAL_Init
                0x0000000008000b6c       0x2c CMakeFiles/mpu6050.elf.dir/Drivers/STM32F1xx_HAL_Driver/Src/stm32f1xx_hal.c.obj
                0x0000000008000b6c                HAL_Init
 .text.HAL_InitTick
                0x0000000008000b98       0x60 CMakeFiles/mpu6050.elf.dir/Drivers/STM32F1xx_HAL_Driver/Src/stm32f1xx_hal.c.obj
                0x0000000008000b98                HAL_InitTick
 .text.HAL_IncTick
                0x0000000008000bf8       0x24 CMakeFiles/mpu6050.elf.dir/Drivers/STM32F1xx_HAL_Driver/Src/stm32f1xx_hal.c.obj
                0x0000000008000bf8                HAL_IncTick
 .text.HAL_GetTick
                0x0000000008000c1c       0x14 CMakeFiles/mpu6050.elf.dir/Drivers/STM32F1xx_HAL_Driver/Src/stm32f1xx_hal.c.obj
                0x0000000008000c1c                HAL_GetTick
 .text.HAL_Delay
                0x0000000008000c30       0x44 CMakeFiles/mpu6050.elf.dir/Drivers/STM32F1xx_HAL_Driver/Src/stm32f1xx_hal.c.obj
                0x0000000008000c30                HAL_Delay
 .text.__NVIC_SetPriorityGrouping
                0x0000000008000c74       0x48 CMakeFiles/mpu6050.elf.dir/Drivers/STM32F1xx_HAL_Driver/Src/stm32f1xx_hal_cortex.c.obj
 .text.__NVIC_GetPriorityGrouping
                0x0000000008000cbc       0x1c CMakeFiles/mpu6050.elf.dir/Drivers/STM32F1xx_HAL_Driver/Src/stm32f1xx_hal_cortex.c.obj
 .text.__NVIC_SetPriority
                0x0000000008000cd8       0x54 CMakeFiles/mpu6050.elf.dir/Drivers/STM32F1xx_HAL_Driver/Src/stm32f1xx_hal_cortex.c.obj
 .text.NVIC_EncodePriority
                0x0000000008000d2c       0x60 CMakeFiles/mpu6050.elf.dir/Drivers/STM32F1xx_HAL_Driver/Src/stm32f1xx_hal_cortex.c.obj
 .text.SysTick_Config
                0x0000000008000d8c       0x44 CMakeFiles/mpu6050.elf.dir/Drivers/STM32F1xx_HAL_Driver/Src/stm32f1xx_hal_cortex.c.obj
 .text.HAL_NVIC_SetPriorityGrouping
                0x0000000008000dd0       0x16 CMakeFiles/mpu6050.elf.dir/Drivers/STM32F1xx_HAL_Driver/Src/stm32f1xx_hal_cortex.c.obj
                0x0000000008000dd0                HAL_NVIC_SetPriorityGrouping
 .text.HAL_NVIC_SetPriority
                0x0000000008000de6       0x38 CMakeFiles/mpu6050.elf.dir/Drivers/STM32F1xx_HAL_Driver/Src/stm32f1xx_hal_cortex.c.obj
                0x0000000008000de6                HAL_NVIC_SetPriority
 .text.HAL_SYSTICK_Config
                0x0000000008000e1e       0x18 CMakeFiles/mpu6050.elf.dir/Drivers/STM32F1xx_HAL_Driver/Src/stm32f1xx_hal_cortex.c.obj
                0x0000000008000e1e                HAL_SYSTICK_Config
 *fill*         0x0000000008000e36        0x2 
 .text.HAL_GPIO_Init
                0x0000000008000e38      0x2b4 CMakeFiles/mpu6050.elf.dir/Drivers/STM32F1xx_HAL_Driver/Src/stm32f1xx_hal_gpio.c.obj
                0x0000000008000e38                HAL_GPIO_Init
 .text.HAL_GPIO_WritePin
                0x00000000080010ec       0x30 CMakeFiles/mpu6050.elf.dir/Drivers/STM32F1xx_HAL_Driver/Src/stm32f1xx_hal_gpio.c.obj
                0x00000000080010ec                HAL_GPIO_WritePin
 .text.HAL_I2C_Init
                0x000000000800111c      0x250 CMakeFiles/mpu6050.elf.dir/Drivers/STM32F1xx_HAL_Driver/Src/stm32f1xx_hal_i2c.c.obj
                0x000000000800111c                HAL_I2C_Init
 .text.HAL_I2C_Mem_Write
                0x000000000800136c      0x1f4 CMakeFiles/mpu6050.elf.dir/Drivers/STM32F1xx_HAL_Driver/Src/stm32f1xx_hal_i2c.c.obj
                0x000000000800136c                HAL_I2C_Mem_Write
 .text.HAL_I2C_Mem_Read
                0x0000000008001560      0x46c CMakeFiles/mpu6050.elf.dir/Drivers/STM32F1xx_HAL_Driver/Src/stm32f1xx_hal_i2c.c.obj
                0x0000000008001560                HAL_I2C_Mem_Read
 .text.I2C_RequestMemoryWrite
                0x00000000080019cc      0x110 CMakeFiles/mpu6050.elf.dir/Drivers/STM32F1xx_HAL_Driver/Src/stm32f1xx_hal_i2c.c.obj
 .text.I2C_RequestMemoryRead
                0x0000000008001adc      0x1a0 CMakeFiles/mpu6050.elf.dir/Drivers/STM32F1xx_HAL_Driver/Src/stm32f1xx_hal_i2c.c.obj
 .text.I2C_WaitOnFlagUntilTimeout
                0x0000000008001c7c       0xae CMakeFiles/mpu6050.elf.dir/Drivers/STM32F1xx_HAL_Driver/Src/stm32f1xx_hal_i2c.c.obj
 .text.I2C_WaitOnMasterAddressFlagUntilTimeout
                0x0000000008001d2a       0xfe CMakeFiles/mpu6050.elf.dir/Drivers/STM32F1xx_HAL_Driver/Src/stm32f1xx_hal_i2c.c.obj
 .text.I2C_WaitOnTXEFlagUntilTimeout
                0x0000000008001e28       0x82 CMakeFiles/mpu6050.elf.dir/Drivers/STM32F1xx_HAL_Driver/Src/stm32f1xx_hal_i2c.c.obj
 .text.I2C_WaitOnBTFFlagUntilTimeout
                0x0000000008001eaa       0x82 CMakeFiles/mpu6050.elf.dir/Drivers/STM32F1xx_HAL_Driver/Src/stm32f1xx_hal_i2c.c.obj
 .text.I2C_WaitOnRXNEFlagUntilTimeout
                0x0000000008001f2c       0xac CMakeFiles/mpu6050.elf.dir/Drivers/STM32F1xx_HAL_Driver/Src/stm32f1xx_hal_i2c.c.obj
 .text.I2C_IsAcknowledgeFailed
                0x0000000008001fd8       0x5c CMakeFiles/mpu6050.elf.dir/Drivers/STM32F1xx_HAL_Driver/Src/stm32f1xx_hal_i2c.c.obj
 .text.HAL_RCC_OscConfig
                0x0000000008002034      0x500 CMakeFiles/mpu6050.elf.dir/Drivers/STM32F1xx_HAL_Driver/Src/stm32f1xx_hal_rcc.c.obj
                0x0000000008002034                HAL_RCC_OscConfig
 .text.HAL_RCC_ClockConfig
                0x0000000008002534      0x1d4 CMakeFiles/mpu6050.elf.dir/Drivers/STM32F1xx_HAL_Driver/Src/stm32f1xx_hal_rcc.c.obj
                0x0000000008002534                HAL_RCC_ClockConfig
 .text.HAL_RCC_GetSysClockFreq
                0x0000000008002708       0xc4 CMakeFiles/mpu6050.elf.dir/Drivers/STM32F1xx_HAL_Driver/Src/stm32f1xx_hal_rcc.c.obj
                0x0000000008002708                HAL_RCC_GetSysClockFreq
 .text.HAL_RCC_GetHCLKFreq
                0x00000000080027cc       0x14 CMakeFiles/mpu6050.elf.dir/Drivers/STM32F1xx_HAL_Driver/Src/stm32f1xx_hal_rcc.c.obj
                0x00000000080027cc                HAL_RCC_GetHCLKFreq
 .text.HAL_RCC_GetPCLK1Freq
                0x00000000080027e0       0x28 CMakeFiles/mpu6050.elf.dir/Drivers/STM32F1xx_HAL_Driver/Src/stm32f1xx_hal_rcc.c.obj
                0x00000000080027e0                HAL_RCC_GetPCLK1Freq
 .text.HAL_RCC_GetPCLK2Freq
                0x0000000008002808       0x28 CMakeFiles/mpu6050.elf.dir/Drivers/STM32F1xx_HAL_Driver/Src/stm32f1xx_hal_rcc.c.obj
                0x0000000008002808                HAL_RCC_GetPCLK2Freq
 .text.RCC_Delay
                0x0000000008002830       0x3c CMakeFiles/mpu6050.elf.dir/Drivers/STM32F1xx_HAL_Driver/Src/stm32f1xx_hal_rcc.c.obj
 .text.HAL_SPI_Init
                0x000000000800286c       0xc0 CMakeFiles/mpu6050.elf.dir/Drivers/STM32F1xx_HAL_Driver/Src/stm32f1xx_hal_spi.c.obj
                0x000000000800286c                HAL_SPI_Init
 .text.HAL_SPI_Transmit
                0x000000000800292c      0x264 CMakeFiles/mpu6050.elf.dir/Drivers/STM32F1xx_HAL_Driver/Src/stm32f1xx_hal_spi.c.obj
                0x000000000800292c                HAL_SPI_Transmit
 .text.SPI_WaitFlagStateUntilTimeout
                0x0000000008002b90       0xd4 CMakeFiles/mpu6050.elf.dir/Drivers/STM32F1xx_HAL_Driver/Src/stm32f1xx_hal_spi.c.obj
 .text.SPI_EndRxTxTransaction
                0x0000000008002c64       0x3c CMakeFiles/mpu6050.elf.dir/Drivers/STM32F1xx_HAL_Driver/Src/stm32f1xx_hal_spi.c.obj
 .text.HAL_UART_Init
                0x0000000008002ca0       0x9a CMakeFiles/mpu6050.elf.dir/Drivers/STM32F1xx_HAL_Driver/Src/stm32f1xx_hal_uart.c.obj
                0x0000000008002ca0                HAL_UART_Init
 *fill*         0x0000000008002d3a        0x2 
 .text.UART_SetConfig
                0x0000000008002d3c      0x1b4 CMakeFiles/mpu6050.elf.dir/Drivers/STM32F1xx_HAL_Driver/Src/stm32f1xx_hal_uart.c.obj
 .text.MX_GPIO_Init
                0x0000000008002ef0       0x9c CMakeFiles/mpu6050.elf.dir/Src/gpio.c.obj
                0x0000000008002ef0                MX_GPIO_Init
 .text.MX_I2C2_Init
                0x0000000008002f8c       0x5c CMakeFiles/mpu6050.elf.dir/Src/i2c.c.obj
                0x0000000008002f8c                MX_I2C2_Init
 .text.HAL_I2C_MspInit
                0x0000000008002fe8       0x80 CMakeFiles/mpu6050.elf.dir/Src/i2c.c.obj
                0x0000000008002fe8                HAL_I2C_MspInit
 .text.main     0x0000000008003068       0x74 CMakeFiles/mpu6050.elf.dir/Src/main.c.obj
                0x0000000008003068                main
 .text.SystemClock_Config
                0x00000000080030dc       0x76 CMakeFiles/mpu6050.elf.dir/Src/main.c.obj
                0x00000000080030dc                SystemClock_Config
 .text.Error_Handler
                0x0000000008003152        0xc CMakeFiles/mpu6050.elf.dir/Src/main.c.obj
                0x0000000008003152                Error_Handler
 *fill*         0x000000000800315e        0x2 
 .text.MX_SPI1_Init
                0x0000000008003160       0x6c CMakeFiles/mpu6050.elf.dir/Src/spi.c.obj
                0x0000000008003160                MX_SPI1_Init
 .text.HAL_SPI_MspInit
                0x00000000080031cc       0x94 CMakeFiles/mpu6050.elf.dir/Src/spi.c.obj
                0x00000000080031cc                HAL_SPI_MspInit
 .text.HAL_MspInit
                0x0000000008003260       0x64 CMakeFiles/mpu6050.elf.dir/Src/stm32f1xx_hal_msp.c.obj
                0x0000000008003260                HAL_MspInit
 .text.NMI_Handler
                0x00000000080032c4        0xc CMakeFiles/mpu6050.elf.dir/Src/stm32f1xx_it.c.obj
                0x00000000080032c4                NMI_Handler
 .text.HardFault_Handler
                0x00000000080032d0        0x6 CMakeFiles/mpu6050.elf.dir/Src/stm32f1xx_it.c.obj
                0x00000000080032d0                HardFault_Handler
 .text.MemManage_Handler
                0x00000000080032d6        0x6 CMakeFiles/mpu6050.elf.dir/Src/stm32f1xx_it.c.obj
                0x00000000080032d6                MemManage_Handler
 .text.BusFault_Handler
                0x00000000080032dc        0x6 CMakeFiles/mpu6050.elf.dir/Src/stm32f1xx_it.c.obj
                0x00000000080032dc                BusFault_Handler
 .text.UsageFault_Handler
                0x00000000080032e2        0x6 CMakeFiles/mpu6050.elf.dir/Src/stm32f1xx_it.c.obj
                0x00000000080032e2                UsageFault_Handler
 .text.SVC_Handler
                0x00000000080032e8        0xc CMakeFiles/mpu6050.elf.dir/Src/stm32f1xx_it.c.obj
                0x00000000080032e8                SVC_Handler
 .text.DebugMon_Handler
                0x00000000080032f4        0xc CMakeFiles/mpu6050.elf.dir/Src/stm32f1xx_it.c.obj
                0x00000000080032f4                DebugMon_Handler
 .text.PendSV_Handler
                0x0000000008003300        0xc CMakeFiles/mpu6050.elf.dir/Src/stm32f1xx_it.c.obj
                0x0000000008003300                PendSV_Handler
 .text.SysTick_Handler
                0x000000000800330c        0xc CMakeFiles/mpu6050.elf.dir/Src/stm32f1xx_it.c.obj
                0x000000000800330c                SysTick_Handler
 .text.SystemInit
                0x0000000008003318       0x68 CMakeFiles/mpu6050.elf.dir/Src/system_stm32f1xx.c.obj
                0x0000000008003318                SystemInit
 .text.MX_USART1_UART_Init
                0x0000000008003380       0x54 CMakeFiles/mpu6050.elf.dir/Src/usart.c.obj
                0x0000000008003380                MX_USART1_UART_Init
 .text.HAL_UART_MspInit
                0x00000000080033d4       0x98 CMakeFiles/mpu6050.elf.dir/Src/usart.c.obj
                0x00000000080033d4                HAL_UART_MspInit
 .text.MPU_6050_Init
                0x000000000800346c       0x94 CMakeFiles/mpu6050.elf.dir/User/mpu6050.c.obj
                0x000000000800346c                MPU_6050_Init
 .text.MPU_Set_Gyro_Fsr
                0x0000000008003500       0x24 CMakeFiles/mpu6050.elf.dir/User/mpu6050.c.obj
                0x0000000008003500                MPU_Set_Gyro_Fsr
 .text.MPU_Set_Accel_Fsr
                0x0000000008003524       0x24 CMakeFiles/mpu6050.elf.dir/User/mpu6050.c.obj
                0x0000000008003524                MPU_Set_Accel_Fsr
 .text.MPU_Set_LPF
                0x0000000008003548       0x66 CMakeFiles/mpu6050.elf.dir/User/mpu6050.c.obj
                0x0000000008003548                MPU_Set_LPF
 .text.MPU_Set_Rate
                0x00000000080035ae       0x3e CMakeFiles/mpu6050.elf.dir/User/mpu6050.c.obj
                0x00000000080035ae                MPU_Set_Rate
 *fill*         0x00000000080035ec        0x4 
 .text.MPU_Get_Temperature
                0x00000000080035f0       0x74 CMakeFiles/mpu6050.elf.dir/User/mpu6050.c.obj
                0x00000000080035f0                MPU_Get_Temperature
 .text.MPU_Get_Gyroscope
                0x0000000008003664       0x64 CMakeFiles/mpu6050.elf.dir/User/mpu6050.c.obj
                0x0000000008003664                MPU_Get_Gyroscope
 .text.MPU_6050_Write
                0x00000000080036c8       0x44 CMakeFiles/mpu6050.elf.dir/User/mpu6050.c.obj
                0x00000000080036c8                MPU_6050_Write
 .text.MPU_6050_Read
                0x000000000800370c       0x44 CMakeFiles/mpu6050.elf.dir/User/mpu6050.c.obj
                0x000000000800370c                MPU_6050_Read
 .text.OLED_DC_Set
                0x0000000008003750       0x18 CMakeFiles/mpu6050.elf.dir/User/oled.c.obj
                0x0000000008003750                OLED_DC_Set
 .text.OLED_DC_Clr
                0x0000000008003768       0x18 CMakeFiles/mpu6050.elf.dir/User/oled.c.obj
                0x0000000008003768                OLED_DC_Clr
 .text.OLED_RST_Set
                0x0000000008003780       0x18 CMakeFiles/mpu6050.elf.dir/User/oled.c.obj
                0x0000000008003780                OLED_RST_Set
 .text.OLED_RST_Clr
                0x0000000008003798       0x18 CMakeFiles/mpu6050.elf.dir/User/oled.c.obj
                0x0000000008003798                OLED_RST_Clr
 .text.OLED_WB  0x00000000080037b0       0x24 CMakeFiles/mpu6050.elf.dir/User/oled.c.obj
                0x00000000080037b0                OLED_WB
 .text.OLED_WrDat
                0x00000000080037d4       0x1e CMakeFiles/mpu6050.elf.dir/User/oled.c.obj
                0x00000000080037d4                OLED_WrDat
 .text.OLED_WrCmd
                0x00000000080037f2       0x1e CMakeFiles/mpu6050.elf.dir/User/oled.c.obj
                0x00000000080037f2                OLED_WrCmd
 .text.OLED_Set_Pos
                0x0000000008003810       0x4e CMakeFiles/mpu6050.elf.dir/User/oled.c.obj
                0x0000000008003810                OLED_Set_Pos
 .text.OLED_Clear
                0x000000000800385e       0x52 CMakeFiles/mpu6050.elf.dir/User/oled.c.obj
                0x000000000800385e                OLED_Clear
 .text.OLED_ShowChar
                0x00000000080038b0       0xf0 CMakeFiles/mpu6050.elf.dir/User/oled.c.obj
                0x00000000080038b0                OLED_ShowChar
 .text.OLED_ShowCHinese
                0x00000000080039a0      0x124 CMakeFiles/mpu6050.elf.dir/User/oled.c.obj
                0x00000000080039a0                OLED_ShowCHinese
 .text.OLED_ShowText
                0x0000000008003ac4      0x106 CMakeFiles/mpu6050.elf.dir/User/oled.c.obj
                0x0000000008003ac4                OLED_ShowText
 .text.OLED_Init
                0x0000000008003bca       0xda CMakeFiles/mpu6050.elf.dir/User/oled.c.obj
                0x0000000008003bca                OLED_Init
 *(.glue_7)
 .glue_7        0x0000000008003ca4        0x0 linker stubs
 *(.glue_7t)
 .glue_7t       0x0000000008003ca4        0x0 linker stubs
 *(.eh_frame)
 .eh_frame      0x0000000008003ca4        0x0 /usr/lib/gcc/arm-none-eabi/6.3.1/thumb/v7-m/crtbegin.o
 *(.init)
 .init          0x0000000008003ca4        0x4 /usr/lib/gcc/arm-none-eabi/6.3.1/thumb/v7-m/crti.o
                0x0000000008003ca4                _init
 .init          0x0000000008003ca8        0x8 /usr/lib/gcc/arm-none-eabi/6.3.1/thumb/v7-m/crtn.o
 *(.fini)
 .fini          0x0000000008003cb0        0x4 /usr/lib/gcc/arm-none-eabi/6.3.1/thumb/v7-m/crti.o
                0x0000000008003cb0                _fini
 .fini          0x0000000008003cb4        0x8 /usr/lib/gcc/arm-none-eabi/6.3.1/thumb/v7-m/crtn.o
                0x0000000008003cbc                . = ALIGN (0x4)
                0x0000000008003cbc                _etext = .

.vfp11_veneer   0x0000000008003cbc        0x0
 .vfp11_veneer  0x0000000008003cbc        0x0 linker stubs

.v4_bx          0x0000000008003cbc        0x0
 .v4_bx         0x0000000008003cbc        0x0 linker stubs

.iplt           0x0000000008003cbc        0x0
 .iplt          0x0000000008003cbc        0x0 /usr/lib/gcc/arm-none-eabi/6.3.1/thumb/v7-m/crtbegin.o

.rodata         0x0000000008003cbc      0x628
                0x0000000008003cbc                . = ALIGN (0x4)
 *(.rodata)
 .rodata        0x0000000008003cbc       0x12 CMakeFiles/mpu6050.elf.dir/Drivers/STM32F1xx_HAL_Driver/Src/stm32f1xx_hal_rcc.c.obj
 *fill*         0x0000000008003cce        0x2 
 .rodata        0x0000000008003cd0        0xa CMakeFiles/mpu6050.elf.dir/Src/main.c.obj
 *(.rodata*)
 *fill*         0x0000000008003cda        0x2 
 .rodata.AHBPrescTable
                0x0000000008003cdc       0x10 CMakeFiles/mpu6050.elf.dir/Src/system_stm32f1xx.c.obj
                0x0000000008003cdc                AHBPrescTable
 .rodata.APBPrescTable
                0x0000000008003cec        0x8 CMakeFiles/mpu6050.elf.dir/Src/system_stm32f1xx.c.obj
                0x0000000008003cec                APBPrescTable
 .rodata.F8X16  0x0000000008003cf4      0x5f0 CMakeFiles/mpu6050.elf.dir/User/oled.c.obj
                0x0000000008003cf4                F8X16
                0x00000000080042e4                . = ALIGN (0x4)

.rel.dyn        0x00000000080042e4        0x0
 .rel.iplt      0x00000000080042e4        0x0 /usr/lib/gcc/arm-none-eabi/6.3.1/thumb/v7-m/crtbegin.o

.ARM.extab
 *(.ARM.extab* .gnu.linkonce.armextab.*)

.ARM            0x00000000080042e4        0x0
                0x00000000080042e4                __exidx_start = .
 *(.ARM.exidx*)
                0x00000000080042e4                __exidx_end = .

.preinit_array  0x00000000080042e4        0x0
                0x00000000080042e4                PROVIDE (__preinit_array_start, .)
 *(.preinit_array*)
                0x00000000080042e4                PROVIDE (__preinit_array_end, .)

.init_array     0x00000000080042e4        0x4
                0x00000000080042e4                PROVIDE (__init_array_start, .)
 *(SORT(.init_array.*))
 *(.init_array*)
 .init_array    0x00000000080042e4        0x4 /usr/lib/gcc/arm-none-eabi/6.3.1/thumb/v7-m/crtbegin.o
                0x00000000080042e8                PROVIDE (__init_array_end, .)

.fini_array     0x00000000080042e8        0x4
                0x00000000080042e8                PROVIDE (__fini_array_start, .)
 *(SORT(.fini_array.*))
 *(.fini_array*)
 .fini_array    0x00000000080042e8        0x4 /usr/lib/gcc/arm-none-eabi/6.3.1/thumb/v7-m/crtbegin.o
                0x00000000080042ec                PROVIDE (__fini_array_end, .)
                0x00000000080042ec                _sidata = LOADADDR (.data)

.data           0x0000000020000000      0x21c load address 0x00000000080042ec
                0x0000000020000000                . = ALIGN (0x4)
                0x0000000020000000                _sdata = .
 *(.data)
 *(.data*)
 .data.uwTickPrio
                0x0000000020000000        0x4 CMakeFiles/mpu6050.elf.dir/Drivers/STM32F1xx_HAL_Driver/Src/stm32f1xx_hal.c.obj
                0x0000000020000000                uwTickPrio
 .data.uwTickFreq
                0x0000000020000004        0x1 CMakeFiles/mpu6050.elf.dir/Drivers/STM32F1xx_HAL_Driver/Src/stm32f1xx_hal.c.obj
                0x0000000020000004                uwTickFreq
 *fill*         0x0000000020000005        0x3 
 .data.SystemCoreClock
                0x0000000020000008        0x4 CMakeFiles/mpu6050.elf.dir/Src/system_stm32f1xx.c.obj
                0x0000000020000008                SystemCoreClock
 .data.Hzk      0x000000002000000c      0x210 CMakeFiles/mpu6050.elf.dir/User/oled.c.obj
                0x000000002000000c                Hzk
                0x000000002000021c                . = ALIGN (0x4)
                0x000000002000021c                _edata = .

.jcr            0x000000002000021c        0x0 load address 0x0000000008004508
 .jcr           0x000000002000021c        0x0 /usr/lib/gcc/arm-none-eabi/6.3.1/thumb/v7-m/crtbegin.o

.tm_clone_table
                0x000000002000021c        0x0 load address 0x0000000008004508
 .tm_clone_table
                0x000000002000021c        0x0 /usr/lib/gcc/arm-none-eabi/6.3.1/thumb/v7-m/crtbegin.o
 .tm_clone_table
                0x000000002000021c        0x0 /usr/lib/gcc/arm-none-eabi/6.3.1/thumb/v7-m/crtend.o

.igot.plt       0x000000002000021c        0x0 load address 0x0000000008004508
 .igot.plt      0x000000002000021c        0x0 /usr/lib/gcc/arm-none-eabi/6.3.1/thumb/v7-m/crtbegin.o
                0x000000002000021c                . = ALIGN (0x4)

.bss            0x000000002000021c      0x10c load address 0x0000000008004508
                0x000000002000021c                _sbss = .
                0x000000002000021c                __bss_start__ = _sbss
 *(.bss)
 .bss           0x000000002000021c       0x1c /usr/lib/gcc/arm-none-eabi/6.3.1/thumb/v7-m/crtbegin.o
 *(.bss*)
 .bss.uwTick    0x0000000020000238        0x4 CMakeFiles/mpu6050.elf.dir/Drivers/STM32F1xx_HAL_Driver/Src/stm32f1xx_hal.c.obj
                0x0000000020000238                uwTick
 .bss.hi2c2     0x000000002000023c       0x54 CMakeFiles/mpu6050.elf.dir/Src/i2c.c.obj
                0x000000002000023c                hi2c2
 .bss.hspi1     0x0000000020000290       0x58 CMakeFiles/mpu6050.elf.dir/Src/spi.c.obj
                0x0000000020000290                hspi1
 .bss.huart1    0x00000000200002e8       0x40 CMakeFiles/mpu6050.elf.dir/Src/usart.c.obj
                0x00000000200002e8                huart1
 *(COMMON)
                0x0000000020000328                . = ALIGN (0x4)
                0x0000000020000328                _ebss = .
                0x0000000020000328                __bss_end__ = _ebss

._user_heap_stack
                0x0000000020000328      0x600 load address 0x0000000008004508
                0x0000000020000328                . = ALIGN (0x8)
                0x0000000020000328                PROVIDE (end, .)
                [!provide]                        PROVIDE (_end, .)
                0x0000000020000528                . = (. + _Min_Heap_Size)
 *fill*         0x0000000020000328      0x200 
                0x0000000020000928                . = (. + _Min_Stack_Size)
 *fill*         0x0000000020000528      0x400 
                0x0000000020000928                . = ALIGN (0x8)

/DISCARD/
 libc.a(*)
 libm.a(*)
 libgcc.a(*)

.ARM.attributes
                0x0000000000000000       0x29
 *(.ARM.attributes)
 .ARM.attributes
                0x0000000000000000       0x1d /usr/lib/gcc/arm-none-eabi/6.3.1/thumb/v7-m/crti.o
 .ARM.attributes
                0x000000000000001d       0x2d /usr/lib/gcc/arm-none-eabi/6.3.1/thumb/v7-m/crtbegin.o
 .ARM.attributes
                0x000000000000004a       0x21 CMakeFiles/mpu6050.elf.dir/startup/startup_stm32f103xb.s.obj
 .ARM.attributes
                0x000000000000006b       0x33 CMakeFiles/mpu6050.elf.dir/Drivers/STM32F1xx_HAL_Driver/Src/stm32f1xx_hal.c.obj
 .ARM.attributes
                0x000000000000009e       0x33 CMakeFiles/mpu6050.elf.dir/Drivers/STM32F1xx_HAL_Driver/Src/stm32f1xx_hal_cortex.c.obj
 .ARM.attributes
                0x00000000000000d1       0x33 CMakeFiles/mpu6050.elf.dir/Drivers/STM32F1xx_HAL_Driver/Src/stm32f1xx_hal_gpio.c.obj
 .ARM.attributes
                0x0000000000000104       0x33 CMakeFiles/mpu6050.elf.dir/Drivers/STM32F1xx_HAL_Driver/Src/stm32f1xx_hal_i2c.c.obj
 .ARM.attributes
                0x0000000000000137       0x33 CMakeFiles/mpu6050.elf.dir/Drivers/STM32F1xx_HAL_Driver/Src/stm32f1xx_hal_rcc.c.obj
 .ARM.attributes
                0x000000000000016a       0x33 CMakeFiles/mpu6050.elf.dir/Drivers/STM32F1xx_HAL_Driver/Src/stm32f1xx_hal_spi.c.obj
 .ARM.attributes
                0x000000000000019d       0x33 CMakeFiles/mpu6050.elf.dir/Drivers/STM32F1xx_HAL_Driver/Src/stm32f1xx_hal_uart.c.obj
 .ARM.attributes
                0x00000000000001d0       0x33 CMakeFiles/mpu6050.elf.dir/Src/gpio.c.obj
 .ARM.attributes
                0x0000000000000203       0x33 CMakeFiles/mpu6050.elf.dir/Src/i2c.c.obj
 .ARM.attributes
                0x0000000000000236       0x33 CMakeFiles/mpu6050.elf.dir/Src/main.c.obj
 .ARM.attributes
                0x0000000000000269       0x33 CMakeFiles/mpu6050.elf.dir/Src/spi.c.obj
 .ARM.attributes
                0x000000000000029c       0x33 CMakeFiles/mpu6050.elf.dir/Src/stm32f1xx_hal_msp.c.obj
 .ARM.attributes
                0x00000000000002cf       0x33 CMakeFiles/mpu6050.elf.dir/Src/stm32f1xx_it.c.obj
 .ARM.attributes
                0x0000000000000302       0x33 CMakeFiles/mpu6050.elf.dir/Src/system_stm32f1xx.c.obj
 .ARM.attributes
                0x0000000000000335       0x33 CMakeFiles/mpu6050.elf.dir/Src/usart.c.obj
 .ARM.attributes
                0x0000000000000368       0x33 CMakeFiles/mpu6050.elf.dir/User/mpu6050.c.obj
 .ARM.attributes
                0x000000000000039b       0x33 CMakeFiles/mpu6050.elf.dir/User/oled.c.obj
 .ARM.attributes
                0x00000000000003ce       0x1d /usr/lib/gcc/arm-none-eabi/6.3.1/thumb/v7-m/libgcc.a(_arm_addsubdf3.o)
 .ARM.attributes
                0x00000000000003eb       0x1d /usr/lib/gcc/arm-none-eabi/6.3.1/thumb/v7-m/libgcc.a(_arm_muldivdf3.o)
 .ARM.attributes
                0x0000000000000408       0x1d /usr/lib/gcc/arm-none-eabi/6.3.1/thumb/v7-m/libgcc.a(_arm_truncdfsf2.o)
 .ARM.attributes
                0x0000000000000425       0x1d /usr/lib/gcc/arm-none-eabi/6.3.1/thumb/v7-m/libgcc.a(_arm_fixsfsi.o)
 .ARM.attributes
                0x0000000000000442       0x2d /usr/lib/gcc/arm-none-eabi/6.3.1/../../../arm-none-eabi/lib/thumb/v7-m/libg_nano.a(lib_a-init.o)
 .ARM.attributes
                0x000000000000046f       0x2d /usr/lib/gcc/arm-none-eabi/6.3.1/../../../arm-none-eabi/lib/thumb/v7-m/libg_nano.a(lib_a-memset.o)
 .ARM.attributes
                0x000000000000049c       0x2d /usr/lib/gcc/arm-none-eabi/6.3.1/thumb/v7-m/crtend.o
 .ARM.attributes
                0x00000000000004c9       0x1d /usr/lib/gcc/arm-none-eabi/6.3.1/thumb/v7-m/crtn.o
OUTPUT(mpu6050.elf elf32-littlearm)

.comment        0x0000000000000000       0x31
 .comment       0x0000000000000000       0x31 /usr/lib/gcc/arm-none-eabi/6.3.1/thumb/v7-m/crtbegin.o
                                         0x32 (size before relaxing)
 .comment       0x0000000000000031       0x32 CMakeFiles/mpu6050.elf.dir/Drivers/STM32F1xx_HAL_Driver/Src/stm32f1xx_hal.c.obj
 .comment       0x0000000000000031       0x32 CMakeFiles/mpu6050.elf.dir/Drivers/STM32F1xx_HAL_Driver/Src/stm32f1xx_hal_cortex.c.obj
 .comment       0x0000000000000031       0x32 CMakeFiles/mpu6050.elf.dir/Drivers/STM32F1xx_HAL_Driver/Src/stm32f1xx_hal_gpio.c.obj
 .comment       0x0000000000000031       0x32 CMakeFiles/mpu6050.elf.dir/Drivers/STM32F1xx_HAL_Driver/Src/stm32f1xx_hal_i2c.c.obj
 .comment       0x0000000000000031       0x32 CMakeFiles/mpu6050.elf.dir/Drivers/STM32F1xx_HAL_Driver/Src/stm32f1xx_hal_rcc.c.obj
 .comment       0x0000000000000031       0x32 CMakeFiles/mpu6050.elf.dir/Drivers/STM32F1xx_HAL_Driver/Src/stm32f1xx_hal_spi.c.obj
 .comment       0x0000000000000031       0x32 CMakeFiles/mpu6050.elf.dir/Drivers/STM32F1xx_HAL_Driver/Src/stm32f1xx_hal_uart.c.obj
 .comment       0x0000000000000031       0x32 CMakeFiles/mpu6050.elf.dir/Src/gpio.c.obj
 .comment       0x0000000000000031       0x32 CMakeFiles/mpu6050.elf.dir/Src/i2c.c.obj
 .comment       0x0000000000000031       0x32 CMakeFiles/mpu6050.elf.dir/Src/main.c.obj
 .comment       0x0000000000000031       0x32 CMakeFiles/mpu6050.elf.dir/Src/spi.c.obj
 .comment       0x0000000000000031       0x32 CMakeFiles/mpu6050.elf.dir/Src/stm32f1xx_hal_msp.c.obj
 .comment       0x0000000000000031       0x32 CMakeFiles/mpu6050.elf.dir/Src/stm32f1xx_it.c.obj
 .comment       0x0000000000000031       0x32 CMakeFiles/mpu6050.elf.dir/Src/system_stm32f1xx.c.obj
 .comment       0x0000000000000031       0x32 CMakeFiles/mpu6050.elf.dir/Src/usart.c.obj
 .comment       0x0000000000000031       0x32 CMakeFiles/mpu6050.elf.dir/User/mpu6050.c.obj
 .comment       0x0000000000000031       0x32 CMakeFiles/mpu6050.elf.dir/User/oled.c.obj
 .comment       0x0000000000000031       0x32 /usr/lib/gcc/arm-none-eabi/6.3.1/../../../arm-none-eabi/lib/thumb/v7-m/libg_nano.a(lib_a-init.o)
 .comment       0x0000000000000031       0x32 /usr/lib/gcc/arm-none-eabi/6.3.1/../../../arm-none-eabi/lib/thumb/v7-m/libg_nano.a(lib_a-memset.o)
 .comment       0x0000000000000031       0x32 /usr/lib/gcc/arm-none-eabi/6.3.1/thumb/v7-m/crtend.o

.debug_line     0x0000000000000000     0x5b65
 .debug_line    0x0000000000000000       0x89 CMakeFiles/mpu6050.elf.dir/startup/startup_stm32f103xb.s.obj
 .debug_line    0x0000000000000089      0x384 CMakeFiles/mpu6050.elf.dir/Drivers/STM32F1xx_HAL_Driver/Src/stm32f1xx_hal.c.obj
 .debug_line    0x000000000000040d      0x456 CMakeFiles/mpu6050.elf.dir/Drivers/STM32F1xx_HAL_Driver/Src/stm32f1xx_hal_cortex.c.obj
 .debug_line    0x0000000000000863      0x39c CMakeFiles/mpu6050.elf.dir/Drivers/STM32F1xx_HAL_Driver/Src/stm32f1xx_hal_gpio.c.obj
 .debug_line    0x0000000000000bff     0x1693 CMakeFiles/mpu6050.elf.dir/Drivers/STM32F1xx_HAL_Driver/Src/stm32f1xx_hal_i2c.c.obj
 .debug_line    0x0000000000002292      0x49e CMakeFiles/mpu6050.elf.dir/Drivers/STM32F1xx_HAL_Driver/Src/stm32f1xx_hal_rcc.c.obj
 .debug_line    0x0000000000002730      0xb89 CMakeFiles/mpu6050.elf.dir/Drivers/STM32F1xx_HAL_Driver/Src/stm32f1xx_hal_spi.c.obj
 .debug_line    0x00000000000032b9      0xacd CMakeFiles/mpu6050.elf.dir/Drivers/STM32F1xx_HAL_Driver/Src/stm32f1xx_hal_uart.c.obj
 .debug_line    0x0000000000003d86      0x198 CMakeFiles/mpu6050.elf.dir/Src/gpio.c.obj
 .debug_line    0x0000000000003f1e      0x224 CMakeFiles/mpu6050.elf.dir/Src/i2c.c.obj
 .debug_line    0x0000000000004142      0x2a7 CMakeFiles/mpu6050.elf.dir/Src/main.c.obj
 .debug_line    0x00000000000043e9      0x22b CMakeFiles/mpu6050.elf.dir/Src/spi.c.obj
 .debug_line    0x0000000000004614      0x186 CMakeFiles/mpu6050.elf.dir/Src/stm32f1xx_hal_msp.c.obj
 .debug_line    0x000000000000479a      0x206 CMakeFiles/mpu6050.elf.dir/Src/stm32f1xx_it.c.obj
 .debug_line    0x00000000000049a0      0x1cf CMakeFiles/mpu6050.elf.dir/Src/system_stm32f1xx.c.obj
 .debug_line    0x0000000000004b6f      0x22c CMakeFiles/mpu6050.elf.dir/Src/usart.c.obj
 .debug_line    0x0000000000004d9b      0x2b3 CMakeFiles/mpu6050.elf.dir/User/mpu6050.c.obj
 .debug_line    0x000000000000504e      0x4be CMakeFiles/mpu6050.elf.dir/User/oled.c.obj
 .debug_line    0x000000000000550c      0x183 /usr/lib/gcc/arm-none-eabi/6.3.1/thumb/v7-m/libgcc.a(_arm_addsubdf3.o)
 .debug_line    0x000000000000568f      0x19f /usr/lib/gcc/arm-none-eabi/6.3.1/thumb/v7-m/libgcc.a(_arm_muldivdf3.o)
 .debug_line    0x000000000000582e       0x8e /usr/lib/gcc/arm-none-eabi/6.3.1/thumb/v7-m/libgcc.a(_arm_truncdfsf2.o)
 .debug_line    0x00000000000058bc       0x7a /usr/lib/gcc/arm-none-eabi/6.3.1/thumb/v7-m/libgcc.a(_arm_fixsfsi.o)
 .debug_line    0x0000000000005936       0xb9 /usr/lib/gcc/arm-none-eabi/6.3.1/../../../arm-none-eabi/lib/thumb/v7-m/libg_nano.a(lib_a-init.o)
 .debug_line    0x00000000000059ef      0x176 /usr/lib/gcc/arm-none-eabi/6.3.1/../../../arm-none-eabi/lib/thumb/v7-m/libg_nano.a(lib_a-memset.o)

.debug_info     0x0000000000000000     0xbe74
 .debug_info    0x0000000000000000       0x70 CMakeFiles/mpu6050.elf.dir/startup/startup_stm32f103xb.s.obj
 .debug_info    0x0000000000000070      0x6f3 CMakeFiles/mpu6050.elf.dir/Drivers/STM32F1xx_HAL_Driver/Src/stm32f1xx_hal.c.obj
 .debug_info    0x0000000000000763      0xb3c CMakeFiles/mpu6050.elf.dir/Drivers/STM32F1xx_HAL_Driver/Src/stm32f1xx_hal_cortex.c.obj
 .debug_info    0x000000000000129f      0x676 CMakeFiles/mpu6050.elf.dir/Drivers/STM32F1xx_HAL_Driver/Src/stm32f1xx_hal_gpio.c.obj
 .debug_info    0x0000000000001915     0x2448 CMakeFiles/mpu6050.elf.dir/Drivers/STM32F1xx_HAL_Driver/Src/stm32f1xx_hal_i2c.c.obj
 .debug_info    0x0000000000003d5d      0x7f8 CMakeFiles/mpu6050.elf.dir/Drivers/STM32F1xx_HAL_Driver/Src/stm32f1xx_hal_rcc.c.obj
 .debug_info    0x0000000000004555     0x152c CMakeFiles/mpu6050.elf.dir/Drivers/STM32F1xx_HAL_Driver/Src/stm32f1xx_hal_spi.c.obj
 .debug_info    0x0000000000005a81     0x11d5 CMakeFiles/mpu6050.elf.dir/Drivers/STM32F1xx_HAL_Driver/Src/stm32f1xx_hal_uart.c.obj
 .debug_info    0x0000000000006c56      0x348 CMakeFiles/mpu6050.elf.dir/Src/gpio.c.obj
 .debug_info    0x0000000000006f9e      0x82d CMakeFiles/mpu6050.elf.dir/Src/i2c.c.obj
 .debug_info    0x00000000000077cb      0xc29 CMakeFiles/mpu6050.elf.dir/Src/main.c.obj
 .debug_info    0x00000000000083f4      0x7fb CMakeFiles/mpu6050.elf.dir/Src/spi.c.obj
 .debug_info    0x0000000000008bef      0x2c2 CMakeFiles/mpu6050.elf.dir/Src/stm32f1xx_hal_msp.c.obj
 .debug_info    0x0000000000008eb1      0x1f1 CMakeFiles/mpu6050.elf.dir/Src/stm32f1xx_it.c.obj
 .debug_info    0x00000000000090a2      0x429 CMakeFiles/mpu6050.elf.dir/Src/system_stm32f1xx.c.obj
 .debug_info    0x00000000000094cb      0x79b CMakeFiles/mpu6050.elf.dir/Src/usart.c.obj
 .debug_info    0x0000000000009c66      0x8e7 CMakeFiles/mpu6050.elf.dir/User/mpu6050.c.obj
 .debug_info    0x000000000000a54d      0xc01 CMakeFiles/mpu6050.elf.dir/User/oled.c.obj
 .debug_info    0x000000000000b14e       0xc0 /usr/lib/gcc/arm-none-eabi/6.3.1/thumb/v7-m/libgcc.a(_arm_addsubdf3.o)
 .debug_info    0x000000000000b20e       0xc0 /usr/lib/gcc/arm-none-eabi/6.3.1/thumb/v7-m/libgcc.a(_arm_muldivdf3.o)
 .debug_info    0x000000000000b2ce       0xc0 /usr/lib/gcc/arm-none-eabi/6.3.1/thumb/v7-m/libgcc.a(_arm_truncdfsf2.o)
 .debug_info    0x000000000000b38e       0xc0 /usr/lib/gcc/arm-none-eabi/6.3.1/thumb/v7-m/libgcc.a(_arm_fixsfsi.o)
 .debug_info    0x000000000000b44e      0x110 /usr/lib/gcc/arm-none-eabi/6.3.1/../../../arm-none-eabi/lib/thumb/v7-m/libg_nano.a(lib_a-init.o)
 .debug_info    0x000000000000b55e      0x916 /usr/lib/gcc/arm-none-eabi/6.3.1/../../../arm-none-eabi/lib/thumb/v7-m/libg_nano.a(lib_a-memset.o)

.debug_abbrev   0x0000000000000000     0x1ffd
 .debug_abbrev  0x0000000000000000       0x12 CMakeFiles/mpu6050.elf.dir/startup/startup_stm32f103xb.s.obj
 .debug_abbrev  0x0000000000000012      0x1d1 CMakeFiles/mpu6050.elf.dir/Drivers/STM32F1xx_HAL_Driver/Src/stm32f1xx_hal.c.obj
 .debug_abbrev  0x00000000000001e3      0x2ce CMakeFiles/mpu6050.elf.dir/Drivers/STM32F1xx_HAL_Driver/Src/stm32f1xx_hal_cortex.c.obj
 .debug_abbrev  0x00000000000004b1      0x1b9 CMakeFiles/mpu6050.elf.dir/Drivers/STM32F1xx_HAL_Driver/Src/stm32f1xx_hal_gpio.c.obj
 .debug_abbrev  0x000000000000066a      0x251 CMakeFiles/mpu6050.elf.dir/Drivers/STM32F1xx_HAL_Driver/Src/stm32f1xx_hal_i2c.c.obj
 .debug_abbrev  0x00000000000008bb      0x23c CMakeFiles/mpu6050.elf.dir/Drivers/STM32F1xx_HAL_Driver/Src/stm32f1xx_hal_rcc.c.obj
 .debug_abbrev  0x0000000000000af7      0x239 CMakeFiles/mpu6050.elf.dir/Drivers/STM32F1xx_HAL_Driver/Src/stm32f1xx_hal_spi.c.obj
 .debug_abbrev  0x0000000000000d30      0x23b CMakeFiles/mpu6050.elf.dir/Drivers/STM32F1xx_HAL_Driver/Src/stm32f1xx_hal_uart.c.obj
 .debug_abbrev  0x0000000000000f6b      0x12d CMakeFiles/mpu6050.elf.dir/Src/gpio.c.obj
 .debug_abbrev  0x0000000000001098      0x192 CMakeFiles/mpu6050.elf.dir/Src/i2c.c.obj
 .debug_abbrev  0x000000000000122a      0x196 CMakeFiles/mpu6050.elf.dir/Src/main.c.obj
 .debug_abbrev  0x00000000000013c0      0x192 CMakeFiles/mpu6050.elf.dir/Src/spi.c.obj
 .debug_abbrev  0x0000000000001552      0x102 CMakeFiles/mpu6050.elf.dir/Src/stm32f1xx_hal_msp.c.obj
 .debug_abbrev  0x0000000000001654       0xbf CMakeFiles/mpu6050.elf.dir/Src/stm32f1xx_it.c.obj
 .debug_abbrev  0x0000000000001713      0x12d CMakeFiles/mpu6050.elf.dir/Src/system_stm32f1xx.c.obj
 .debug_abbrev  0x0000000000001840      0x192 CMakeFiles/mpu6050.elf.dir/Src/usart.c.obj
 .debug_abbrev  0x00000000000019d2      0x184 CMakeFiles/mpu6050.elf.dir/User/mpu6050.c.obj
 .debug_abbrev  0x0000000000001b56      0x206 CMakeFiles/mpu6050.elf.dir/User/oled.c.obj
 .debug_abbrev  0x0000000000001d5c       0x14 /usr/lib/gcc/arm-none-eabi/6.3.1/thumb/v7-m/libgcc.a(_arm_addsubdf3.o)
 .debug_abbrev  0x0000000000001d70       0x14 /usr/lib/gcc/arm-none-eabi/6.3.1/thumb/v7-m/libgcc.a(_arm_muldivdf3.o)
 .debug_abbrev  0x0000000000001d84       0x14 /usr/lib/gcc/arm-none-eabi/6.3.1/thumb/v7-m/libgcc.a(_arm_truncdfsf2.o)
 .debug_abbrev  0x0000000000001d98       0x14 /usr/lib/gcc/arm-none-eabi/6.3.1/thumb/v7-m/libgcc.a(_arm_fixsfsi.o)
 .debug_abbrev  0x0000000000001dac       0xba /usr/lib/gcc/arm-none-eabi/6.3.1/../../../arm-none-eabi/lib/thumb/v7-m/libg_nano.a(lib_a-init.o)
 .debug_abbrev  0x0000000000001e66      0x197 /usr/lib/gcc/arm-none-eabi/6.3.1/../../../arm-none-eabi/lib/thumb/v7-m/libg_nano.a(lib_a-memset.o)

.debug_aranges  0x0000000000000000      0xc90
 .debug_aranges
                0x0000000000000000       0x28 CMakeFiles/mpu6050.elf.dir/startup/startup_stm32f103xb.s.obj
 .debug_aranges
                0x0000000000000028       0xe0 CMakeFiles/mpu6050.elf.dir/Drivers/STM32F1xx_HAL_Driver/Src/stm32f1xx_hal.c.obj
 .debug_aranges
                0x0000000000000108      0x100 CMakeFiles/mpu6050.elf.dir/Drivers/STM32F1xx_HAL_Driver/Src/stm32f1xx_hal_cortex.c.obj
 .debug_aranges
                0x0000000000000208       0x58 CMakeFiles/mpu6050.elf.dir/Drivers/STM32F1xx_HAL_Driver/Src/stm32f1xx_hal_gpio.c.obj
 .debug_aranges
                0x0000000000000260      0x290 CMakeFiles/mpu6050.elf.dir/Drivers/STM32F1xx_HAL_Driver/Src/stm32f1xx_hal_i2c.c.obj
 .debug_aranges
                0x00000000000004f0       0x90 CMakeFiles/mpu6050.elf.dir/Drivers/STM32F1xx_HAL_Driver/Src/stm32f1xx_hal_rcc.c.obj
 .debug_aranges
                0x0000000000000580      0x1d0 CMakeFiles/mpu6050.elf.dir/Drivers/STM32F1xx_HAL_Driver/Src/stm32f1xx_hal_spi.c.obj
 .debug_aranges
                0x0000000000000750      0x1d0 CMakeFiles/mpu6050.elf.dir/Drivers/STM32F1xx_HAL_Driver/Src/stm32f1xx_hal_uart.c.obj
 .debug_aranges
                0x0000000000000920       0x20 CMakeFiles/mpu6050.elf.dir/Src/gpio.c.obj
 .debug_aranges
                0x0000000000000940       0x30 CMakeFiles/mpu6050.elf.dir/Src/i2c.c.obj
 .debug_aranges
                0x0000000000000970       0x30 CMakeFiles/mpu6050.elf.dir/Src/main.c.obj
 .debug_aranges
                0x00000000000009a0       0x30 CMakeFiles/mpu6050.elf.dir/Src/spi.c.obj
 .debug_aranges
                0x00000000000009d0       0x20 CMakeFiles/mpu6050.elf.dir/Src/stm32f1xx_hal_msp.c.obj
 .debug_aranges
                0x00000000000009f0       0x60 CMakeFiles/mpu6050.elf.dir/Src/stm32f1xx_it.c.obj
 .debug_aranges
                0x0000000000000a50       0x28 CMakeFiles/mpu6050.elf.dir/Src/system_stm32f1xx.c.obj
 .debug_aranges
                0x0000000000000a78       0x30 CMakeFiles/mpu6050.elf.dir/Src/usart.c.obj
 .debug_aranges
                0x0000000000000aa8       0x68 CMakeFiles/mpu6050.elf.dir/User/mpu6050.c.obj
 .debug_aranges
                0x0000000000000b10       0xc0 CMakeFiles/mpu6050.elf.dir/User/oled.c.obj
 .debug_aranges
                0x0000000000000bd0       0x20 /usr/lib/gcc/arm-none-eabi/6.3.1/thumb/v7-m/libgcc.a(_arm_addsubdf3.o)
 .debug_aranges
                0x0000000000000bf0       0x20 /usr/lib/gcc/arm-none-eabi/6.3.1/thumb/v7-m/libgcc.a(_arm_muldivdf3.o)
 .debug_aranges
                0x0000000000000c10       0x20 /usr/lib/gcc/arm-none-eabi/6.3.1/thumb/v7-m/libgcc.a(_arm_truncdfsf2.o)
 .debug_aranges
                0x0000000000000c30       0x20 /usr/lib/gcc/arm-none-eabi/6.3.1/thumb/v7-m/libgcc.a(_arm_fixsfsi.o)
 .debug_aranges
                0x0000000000000c50       0x20 /usr/lib/gcc/arm-none-eabi/6.3.1/../../../arm-none-eabi/lib/thumb/v7-m/libg_nano.a(lib_a-init.o)
 .debug_aranges
                0x0000000000000c70       0x20 /usr/lib/gcc/arm-none-eabi/6.3.1/../../../arm-none-eabi/lib/thumb/v7-m/libg_nano.a(lib_a-memset.o)

.debug_ranges   0x0000000000000000      0xad8
 .debug_ranges  0x0000000000000000       0x20 CMakeFiles/mpu6050.elf.dir/startup/startup_stm32f103xb.s.obj
 .debug_ranges  0x0000000000000020       0xd0 CMakeFiles/mpu6050.elf.dir/Drivers/STM32F1xx_HAL_Driver/Src/stm32f1xx_hal.c.obj
 .debug_ranges  0x00000000000000f0       0xf0 CMakeFiles/mpu6050.elf.dir/Drivers/STM32F1xx_HAL_Driver/Src/stm32f1xx_hal_cortex.c.obj
 .debug_ranges  0x00000000000001e0       0x48 CMakeFiles/mpu6050.elf.dir/Drivers/STM32F1xx_HAL_Driver/Src/stm32f1xx_hal_gpio.c.obj
 .debug_ranges  0x0000000000000228      0x2a0 CMakeFiles/mpu6050.elf.dir/Drivers/STM32F1xx_HAL_Driver/Src/stm32f1xx_hal_i2c.c.obj
 .debug_ranges  0x00000000000004c8       0x80 CMakeFiles/mpu6050.elf.dir/Drivers/STM32F1xx_HAL_Driver/Src/stm32f1xx_hal_rcc.c.obj
 .debug_ranges  0x0000000000000548      0x1c0 CMakeFiles/mpu6050.elf.dir/Drivers/STM32F1xx_HAL_Driver/Src/stm32f1xx_hal_spi.c.obj
 .debug_ranges  0x0000000000000708      0x1c0 CMakeFiles/mpu6050.elf.dir/Drivers/STM32F1xx_HAL_Driver/Src/stm32f1xx_hal_uart.c.obj
 .debug_ranges  0x00000000000008c8       0x10 CMakeFiles/mpu6050.elf.dir/Src/gpio.c.obj
 .debug_ranges  0x00000000000008d8       0x20 CMakeFiles/mpu6050.elf.dir/Src/i2c.c.obj
 .debug_ranges  0x00000000000008f8       0x20 CMakeFiles/mpu6050.elf.dir/Src/main.c.obj
 .debug_ranges  0x0000000000000918       0x20 CMakeFiles/mpu6050.elf.dir/Src/spi.c.obj
 .debug_ranges  0x0000000000000938       0x10 CMakeFiles/mpu6050.elf.dir/Src/stm32f1xx_hal_msp.c.obj
 .debug_ranges  0x0000000000000948       0x50 CMakeFiles/mpu6050.elf.dir/Src/stm32f1xx_it.c.obj
 .debug_ranges  0x0000000000000998       0x18 CMakeFiles/mpu6050.elf.dir/Src/system_stm32f1xx.c.obj
 .debug_ranges  0x00000000000009b0       0x20 CMakeFiles/mpu6050.elf.dir/Src/usart.c.obj
 .debug_ranges  0x00000000000009d0       0x58 CMakeFiles/mpu6050.elf.dir/User/mpu6050.c.obj
 .debug_ranges  0x0000000000000a28       0xb0 CMakeFiles/mpu6050.elf.dir/User/oled.c.obj

.debug_str      0x0000000000000000     0x3566
 .debug_str     0x0000000000000000      0x779 CMakeFiles/mpu6050.elf.dir/Drivers/STM32F1xx_HAL_Driver/Src/stm32f1xx_hal.c.obj
                                        0x7e2 (size before relaxing)
 .debug_str     0x0000000000000779      0x416 CMakeFiles/mpu6050.elf.dir/Drivers/STM32F1xx_HAL_Driver/Src/stm32f1xx_hal_cortex.c.obj
                                        0x949 (size before relaxing)
 .debug_str     0x0000000000000b8f      0x1d5 CMakeFiles/mpu6050.elf.dir/Drivers/STM32F1xx_HAL_Driver/Src/stm32f1xx_hal_gpio.c.obj
                                        0x49a (size before relaxing)
 .debug_str     0x0000000000000d64      0xcb2 CMakeFiles/mpu6050.elf.dir/Drivers/STM32F1xx_HAL_Driver/Src/stm32f1xx_hal_i2c.c.obj
                                        0xfa9 (size before relaxing)
 .debug_str     0x0000000000001a16      0x32b CMakeFiles/mpu6050.elf.dir/Drivers/STM32F1xx_HAL_Driver/Src/stm32f1xx_hal_rcc.c.obj
                                        0x655 (size before relaxing)
 .debug_str     0x0000000000001d41      0x6d8 CMakeFiles/mpu6050.elf.dir/Drivers/STM32F1xx_HAL_Driver/Src/stm32f1xx_hal_spi.c.obj
                                        0xb82 (size before relaxing)
 .debug_str     0x0000000000002419      0x68e CMakeFiles/mpu6050.elf.dir/Drivers/STM32F1xx_HAL_Driver/Src/stm32f1xx_hal_uart.c.obj
                                        0xb9c (size before relaxing)
 .debug_str     0x0000000000002aa7       0x37 CMakeFiles/mpu6050.elf.dir/Src/gpio.c.obj
                                        0x2f2 (size before relaxing)
 .debug_str     0x0000000000002ade       0x36 CMakeFiles/mpu6050.elf.dir/Src/i2c.c.obj
                                        0x792 (size before relaxing)
 .debug_str     0x0000000000002b14       0x6e CMakeFiles/mpu6050.elf.dir/Src/main.c.obj
                                        0xb60 (size before relaxing)
 .debug_str     0x0000000000002b82       0x30 CMakeFiles/mpu6050.elf.dir/Src/spi.c.obj
                                        0x6d5 (size before relaxing)
 .debug_str     0x0000000000002bb2       0x27 CMakeFiles/mpu6050.elf.dir/Src/stm32f1xx_hal_msp.c.obj
                                        0x2b4 (size before relaxing)
 .debug_str     0x0000000000002bd9       0xb2 CMakeFiles/mpu6050.elf.dir/Src/stm32f1xx_it.c.obj
                                        0x2bf (size before relaxing)
 .debug_str     0x0000000000002c8b       0x59 CMakeFiles/mpu6050.elf.dir/Src/system_stm32f1xx.c.obj
                                        0x309 (size before relaxing)
 .debug_str     0x0000000000002ce4       0x3a CMakeFiles/mpu6050.elf.dir/Src/usart.c.obj
                                        0x6bc (size before relaxing)
 .debug_str     0x0000000000002d1e       0xd3 CMakeFiles/mpu6050.elf.dir/User/mpu6050.c.obj
                                        0x799 (size before relaxing)
 .debug_str     0x0000000000002df1      0x18e CMakeFiles/mpu6050.elf.dir/User/oled.c.obj
                                        0x7d6 (size before relaxing)
 .debug_str     0x0000000000002f7f      0x15f /usr/lib/gcc/arm-none-eabi/6.3.1/../../../arm-none-eabi/lib/thumb/v7-m/libg_nano.a(lib_a-init.o)
                                        0x1f7 (size before relaxing)
 .debug_str     0x00000000000030de      0x488 /usr/lib/gcc/arm-none-eabi/6.3.1/../../../arm-none-eabi/lib/thumb/v7-m/libg_nano.a(lib_a-memset.o)
                                        0x5be (size before relaxing)

.debug_frame    0x0000000000000000     0x30b4
 .debug_frame   0x0000000000000000      0x334 CMakeFiles/mpu6050.elf.dir/Drivers/STM32F1xx_HAL_Driver/Src/stm32f1xx_hal.c.obj
 .debug_frame   0x0000000000000334      0x428 CMakeFiles/mpu6050.elf.dir/Drivers/STM32F1xx_HAL_Driver/Src/stm32f1xx_hal_cortex.c.obj
 .debug_frame   0x000000000000075c      0x14c CMakeFiles/mpu6050.elf.dir/Drivers/STM32F1xx_HAL_Driver/Src/stm32f1xx_hal_gpio.c.obj
 .debug_frame   0x00000000000008a8      0xc08 CMakeFiles/mpu6050.elf.dir/Drivers/STM32F1xx_HAL_Driver/Src/stm32f1xx_hal_i2c.c.obj
 .debug_frame   0x00000000000014b0      0x21c CMakeFiles/mpu6050.elf.dir/Drivers/STM32F1xx_HAL_Driver/Src/stm32f1xx_hal_rcc.c.obj
 .debug_frame   0x00000000000016cc      0x824 CMakeFiles/mpu6050.elf.dir/Drivers/STM32F1xx_HAL_Driver/Src/stm32f1xx_hal_spi.c.obj
 .debug_frame   0x0000000000001ef0      0x838 CMakeFiles/mpu6050.elf.dir/Drivers/STM32F1xx_HAL_Driver/Src/stm32f1xx_hal_uart.c.obj
 .debug_frame   0x0000000000002728       0x34 CMakeFiles/mpu6050.elf.dir/Src/gpio.c.obj
 .debug_frame   0x000000000000275c       0x74 CMakeFiles/mpu6050.elf.dir/Src/i2c.c.obj
 .debug_frame   0x00000000000027d0       0x74 CMakeFiles/mpu6050.elf.dir/Src/main.c.obj
 .debug_frame   0x0000000000002844       0x74 CMakeFiles/mpu6050.elf.dir/Src/spi.c.obj
 .debug_frame   0x00000000000028b8       0x38 CMakeFiles/mpu6050.elf.dir/Src/stm32f1xx_hal_msp.c.obj
 .debug_frame   0x00000000000028f0      0x10c CMakeFiles/mpu6050.elf.dir/Src/stm32f1xx_it.c.obj
 .debug_frame   0x00000000000029fc       0x58 CMakeFiles/mpu6050.elf.dir/Src/system_stm32f1xx.c.obj
 .debug_frame   0x0000000000002a54       0x74 CMakeFiles/mpu6050.elf.dir/Src/usart.c.obj
 .debug_frame   0x0000000000002ac8      0x17c CMakeFiles/mpu6050.elf.dir/User/mpu6050.c.obj
 .debug_frame   0x0000000000002c44      0x2cc CMakeFiles/mpu6050.elf.dir/User/oled.c.obj
 .debug_frame   0x0000000000002f10       0xac /usr/lib/gcc/arm-none-eabi/6.3.1/thumb/v7-m/libgcc.a(_arm_addsubdf3.o)
 .debug_frame   0x0000000000002fbc       0x50 /usr/lib/gcc/arm-none-eabi/6.3.1/thumb/v7-m/libgcc.a(_arm_muldivdf3.o)
 .debug_frame   0x000000000000300c       0x24 /usr/lib/gcc/arm-none-eabi/6.3.1/thumb/v7-m/libgcc.a(_arm_truncdfsf2.o)
 .debug_frame   0x0000000000003030       0x24 /usr/lib/gcc/arm-none-eabi/6.3.1/thumb/v7-m/libgcc.a(_arm_fixsfsi.o)
 .debug_frame   0x0000000000003054       0x2c /usr/lib/gcc/arm-none-eabi/6.3.1/../../../arm-none-eabi/lib/thumb/v7-m/libg_nano.a(lib_a-init.o)
 .debug_frame   0x0000000000003080       0x34 /usr/lib/gcc/arm-none-eabi/6.3.1/../../../arm-none-eabi/lib/thumb/v7-m/libg_nano.a(lib_a-memset.o)

.debug_loc      0x0000000000000000      0x26b
 .debug_loc     0x0000000000000000       0xae /usr/lib/gcc/arm-none-eabi/6.3.1/../../../arm-none-eabi/lib/thumb/v7-m/libg_nano.a(lib_a-init.o)
 .debug_loc     0x00000000000000ae      0x1bd /usr/lib/gcc/arm-none-eabi/6.3.1/../../../arm-none-eabi/lib/thumb/v7-m/libg_nano.a(lib_a-memset.o)
